2026-05-28 23:59:39,204 - util - INFO - Started

2026-05-28 23:59:39,204 - util - INFO - outvector1 = [ 0.0000  0.0000  1.5600  0.0000]
2026-05-28 23:59:39,204 - util - INFO - outvector2 = [ 5.0000  5.0000  5.0000  5.0000  5.0000]

2026-05-28 23:59:39,211 - util - INFO - outvector1 = [ 1.0000  1.0000  1.3886 -0.0031]
2026-05-28 23:59:39,212 - util - INFO - outvector2 = [ 5.5684  5.0835  4.4966  3.8307  3.2746]
2026-05-28 23:59:39,212 - util - INFO - kktnorm    = 0.059747053130140705

2026-05-28 23:59:39,219 - util - INFO - outvector1 = [ 2.0000  1.0000  1.3504 -0.0083]
2026-05-28 23:59:39,219 - util - INFO - outvector2 = [ 5.8116  5.2229  4.5080  3.6071  2.4908]
2026-05-28 23:59:39,219 - util - INFO - kktnorm    = 0.03117409032933018

2026-05-28 23:59:39,229 - util - INFO - outvector1 = [ 3.0000  2.0000  1.3409 -0.0007]
2026-05-28 23:59:39,229 - util - INFO - outvector2 = [ 5.9143  5.2804  4.5145  3.5580  2.2211]
2026-05-28 23:59:39,229 - util - INFO - kktnorm    = 0.009528774079366498

2026-05-28 23:59:39,239 - util - INFO - outvector1 = [ 4.0000  2.0000  1.3401 -0.0001]
2026-05-28 23:59:39,239 - util - INFO - outvector2 = [ 5.9657  5.3036  4.5144  3.5313  2.1605]
2026-05-28 23:59:39,239 - util - INFO - kktnorm    = 0.00370266844528358

2026-05-28 23:59:39,248 - util - INFO - outvector1 = [ 5.0000  2.0000  1.3400 -0.0000]
2026-05-28 23:59:39,249 - util - INFO - outvector2 = [ 5.9952  5.3095  4.5105  3.5072  2.1516]
2026-05-28 23:59:39,249 - util - INFO - kktnorm    = 0.0013484933199591953

2026-05-28 23:59:39,258 - util - INFO - outvector1 = [ 6.0000  2.0000  1.3400 -0.0000]
2026-05-28 23:59:39,258 - util - INFO - outvector2 = [ 6.0085  5.3082  4.5051  3.4994  2.1526]
2026-05-28 23:59:39,258 - util - INFO - kktnorm    = 0.0007120961770082546

2026-05-28 23:59:39,265 - util - INFO - outvector1 = [ 7.0000  1.0000  1.3400 -0.0000]
2026-05-28 23:59:39,265 - util - INFO - outvector2 = [ 6.0141  5.3076  4.4995  3.5010  2.1515]
2026-05-28 23:59:39,265 - util - INFO - kktnorm    = 0.0003740474521924198

2026-05-28 23:59:39,272 - util - INFO - outvector1 = [ 8.0000  1.0000  1.3400 -0.0000]
2026-05-28 23:59:39,272 - util - INFO - outvector2 = [ 6.0155  5.3083  4.4963  3.5010  2.1525]
2026-05-28 23:59:39,272 - util - INFO - kktnorm    = 0.0001449664492513998

2026-05-28 23:59:39,278 - util - INFO - outvector1 = [ 9.0000  1.0000  1.3400 -0.0000]
2026-05-28 23:59:39,279 - util - INFO - outvector2 = [ 6.0159  5.3087  4.4950  3.5015  2.1526]
2026-05-28 23:59:39,279 - util - INFO - kktnorm    = 5.1076800788193545e-05

2026-05-28 23:59:39,282 - util - INFO - outvector1 = [ 10.0000  0.0000  1.3400 -0.0000]
2026-05-28 23:59:39,282 - util - INFO - outvector2 = [ 6.0161  5.3092  4.4942  3.5015  2.1527]
2026-05-28 23:59:39,283 - util - INFO - kktnorm    = 1.151794634852861e-05

2026-05-28 23:59:39,286 - util - INFO - outvector1 = [ 11.0000  0.0000  1.3400 -0.0000]
2026-05-28 23:59:39,286 - util - INFO - outvector2 = [ 6.0158  5.3092  4.4944  3.5015  2.1527]
2026-05-28 23:59:39,286 - util - INFO - kktnorm    = 1.0499093023856783e-05

2026-05-28 23:59:39,289 - util - INFO - outvector1 = [ 12.0000  0.0000  1.3400 -0.0000]
2026-05-28 23:59:39,290 - util - INFO - outvector2 = [ 6.0162  5.3091  4.4943  3.5013  2.1527]
2026-05-28 23:59:39,290 - util - INFO - kktnorm    = 1.4832509400466832e-05

2026-05-28 23:59:39,293 - util - INFO - outvector1 = [ 13.0000  0.0000  1.3400 -0.0000]
2026-05-28 23:59:39,293 - util - INFO - outvector2 = [ 6.0158  5.3091  4.4943  3.5017  2.1527]
2026-05-28 23:59:39,293 - util - INFO - kktnorm    = 1.9192730974617392e-05

2026-05-28 23:59:39,296 - util - INFO - outvector1 = [ 14.0000  0.0000  1.3400 -0.0000]
2026-05-28 23:59:39,297 - util - INFO - outvector2 = [ 6.0161  5.3092  4.4944  3.5013  2.1527]
2026-05-28 23:59:39,297 - util - INFO - kktnorm    = 1.3462077240299781e-05

2026-05-28 23:59:39,300 - util - INFO - outvector1 = [ 15.0000  0.0000  1.3400 -0.0000]
2026-05-28 23:59:39,300 - util - INFO - outvector2 = [ 6.0160  5.3092  4.4943  3.5015  2.1527]
2026-05-28 23:59:39,300 - util - INFO - kktnorm    = 3.899796112165079e-06

2026-05-28 23:59:39,303 - util - INFO - outvector1 = [ 16.0000  0.0000  1.3400 -0.0000]
2026-05-28 23:59:39,304 - util - INFO - outvector2 = [ 6.0160  5.3092  4.4943  3.5015  2.1527]
2026-05-28 23:59:39,304 - util - INFO - kktnorm    = 1.368548537688624e-06

2026-05-28 23:59:39,307 - util - INFO - outvector1 = [ 17.0000  0.0000  1.3400 -0.0000]
2026-05-28 23:59:39,307 - util - INFO - outvector2 = [ 6.0160  5.3092  4.4943  3.5015  2.1527]
2026-05-28 23:59:39,307 - util - INFO - kktnorm    = 1.7681232345164454e-06

2026-05-28 23:59:39,310 - util - INFO - outvector1 = [ 18.0000  0.0000  1.3400 -0.0000]
2026-05-28 23:59:39,310 - util - INFO - outvector2 = [ 6.0160  5.3092  4.4943  3.5015  2.1527]
2026-05-28 23:59:39,310 - util - INFO - kktnorm    = 1.471064819741464e-06

2026-05-28 23:59:39,314 - util - INFO - outvector1 = [ 19.0000  0.0000  1.3400 -0.0000]
2026-05-28 23:59:39,314 - util - INFO - outvector2 = [ 6.0160  5.3092  4.4943  3.5015  2.1527]
2026-05-28 23:59:39,314 - util - INFO - kktnorm    = 1.2299163140619623e-06

2026-05-28 23:59:39,317 - util - INFO - outvector1 = [ 20.0000  0.0000  1.3400 -0.0000]
2026-05-28 23:59:39,317 - util - INFO - outvector2 = [ 6.0160  5.3092  4.4943  3.5015  2.1527]
2026-05-28 23:59:39,317 - util - INFO - kktnorm    = 1.0945311449153156e-06

2026-05-28 23:59:39,318 - util - INFO - Finished
