2026-05-28 23:59:20,448 - util - INFO - Started

2026-05-28 23:59:20,449 - util - INFO - outvector1 = [ 0.0000  0.0000  1.5600  0.0000]
2026-05-28 23:59:20,449 - util - INFO - outvector2 = [ 5.0000  5.0000  5.0000  5.0000  5.0000]

2026-05-28 23:59:20,464 - util - INFO - outvector1 = [ 1.0000  0.0000  1.2759  0.1670]
2026-05-28 23:59:20,464 - util - INFO - outvector2 = [ 5.6966  5.1410  4.3965  3.3533  1.8596]
2026-05-28 23:59:20,464 - util - INFO - kktnorm    = 0.17137006153593037

2026-05-28 23:59:20,473 - util - INFO - outvector1 = [ 2.0000  0.0000  1.3269  0.0399]
2026-05-28 23:59:20,473 - util - INFO - outvector2 = [ 5.8375  5.1815  4.3913  3.4435  2.4100]
2026-05-28 23:59:20,473 - util - INFO - kktnorm    = 0.04776000741078275

2026-05-28 23:59:20,482 - util - INFO - outvector1 = [ 3.0000  0.0000  1.3361  0.0099]
2026-05-28 23:59:20,482 - util - INFO - outvector2 = [ 6.0071  5.3200  4.5236  3.5002  2.0608]
2026-05-28 23:59:20,482 - util - INFO - kktnorm    = 0.01586858883841982

2026-05-28 23:59:20,492 - util - INFO - outvector1 = [ 4.0000  0.0000  1.3396  0.0007]
2026-05-28 23:59:20,492 - util - INFO - outvector2 = [ 6.0132  5.3033  4.4970  3.4995  2.1555]
2026-05-28 23:59:20,492 - util - INFO - kktnorm    = 0.000915555729182743

2026-05-28 23:59:20,502 - util - INFO - outvector1 = [ 5.0000  0.0000  1.3400  0.0000]
2026-05-28 23:59:20,502 - util - INFO - outvector2 = [ 6.0163  5.3080  4.4953  3.5008  2.1534]
2026-05-28 23:59:20,502 - util - INFO - kktnorm    = 0.00013376644579850204

2026-05-28 23:59:20,510 - util - INFO - outvector1 = [ 6.0000  0.0000  1.3400 -0.0000]
2026-05-28 23:59:20,511 - util - INFO - outvector2 = [ 6.0160  5.3087  4.4947  3.5012  2.1530]
2026-05-28 23:59:20,511 - util - INFO - kktnorm    = 5.3658261909140975e-05

2026-05-28 23:59:20,520 - util - INFO - outvector1 = [ 7.0000  0.0000  1.3400 -0.0000]
2026-05-28 23:59:20,520 - util - INFO - outvector2 = [ 6.0160  5.3091  4.4944  3.5014  2.1528]
2026-05-28 23:59:20,520 - util - INFO - kktnorm    = 1.95667227396737e-05

2026-05-28 23:59:20,529 - util - INFO - outvector1 = [ 8.0000  0.0000  1.3400 -0.0000]
2026-05-28 23:59:20,529 - util - INFO - outvector2 = [ 6.0160  5.3092  4.4943  3.5015  2.1527]
2026-05-28 23:59:20,529 - util - INFO - kktnorm    = 5.20474290637912e-06

2026-05-28 23:59:20,538 - util - INFO - outvector1 = [ 9.0000  0.0000  1.3400 -0.0000]
2026-05-28 23:59:20,538 - util - INFO - outvector2 = [ 6.0160  5.3092  4.4943  3.5015  2.1527]
2026-05-28 23:59:20,538 - util - INFO - kktnorm    = 9.118765191181314e-07

2026-05-28 23:59:20,547 - util - INFO - outvector1 = [ 10.0000  0.0000  1.3400 -0.0000]
2026-05-28 23:59:20,547 - util - INFO - outvector2 = [ 6.0160  5.3092  4.4943  3.5015  2.1527]
2026-05-28 23:59:20,547 - util - INFO - kktnorm    = 5.46111110240221e-07

2026-05-28 23:59:20,555 - util - INFO - outvector1 = [ 11.0000  0.0000  1.3400 -0.0000]
2026-05-28 23:59:20,556 - util - INFO - outvector2 = [ 6.0160  5.3092  4.4943  3.5015  2.1527]
2026-05-28 23:59:20,556 - util - INFO - kktnorm    = 4.974265548854831e-07

2026-05-28 23:59:20,556 - util - INFO - Finished
